Microchip MPLAB XC8 Compiler V2.32

Linker command line:

-W-3 --edf=C:\Program Files\Microchip\xc8\v2.32\pic\dat\en_msgs.txt -cn \
  -h+dist/default/production\Projeto_Final.X.production.sym \
  --cmf=dist/default/production\Projeto_Final.X.production.cmf -z -Q18F4520 \
  -oC:\Users\MARIAB~1\AppData\Local\Temp\xcAs4p8.4 --defsym=__MPLAB_BUILD=1 \
  -Mdist/default/production/Projeto_Final.X.production.map -E1 \
  -ver=XC8 Compiler --acfsm=1493 -ASTACK=080h-05FFh -pstack=STACK \
  -ACODE=00h-07FFFh -ACONST=00h-07FFFh -ASMALLCONST=0600h-06FFhx122 \
  -AMEDIUMCONST=0600h-07FFFh -ACOMRAM=01h-07Fh -AABS1=00h-05FFh \
  -ABIGRAM=01h-05FFh -ARAM=080h-0FFh,0100h-01FFhx5 -ABANK0=080h-0FFh \
  -ABANK1=0100h-01FFh -ABANK2=0200h-02FFh -ABANK3=0300h-03FFh \
  -ABANK4=0400h-04FFh -ABANK5=0500h-05FFh -ASFR=0F80h-0FFFh \
  -ACONFIG=0300000h-030000Dh -AIDLOC=0200000h-0200007h \
  -AEEDATA=0F00000h-0F000FFh -peeprom_data=EEDATA \
  -preset_vec=00h,intcode,intcodelo,powerup,init -pramtop=0600h \
  -psmallconst=SMALLCONST -pmediumconst=MEDIUMCONST -pconst=CONST \
  -AFARRAM=00h-00h \
  -prdata=COMRAM,nvrram=COMRAM,nvbit=COMRAM,rbss=COMRAM,rbit=COMRAM \
  -pfarbss=FARRAM,fardata=FARRAM,nvFARRAM=FARRAM \
  -pintsave_regs=BIGRAM,bigbss=BIGRAM,bigdata=BIGRAM -pbss=RAM \
  -pidata=CODE,irdata=CODE,ibigdata=CODE,ifardata=CODE -prparam=COMRAM \
  C:\Users\MARIAB~1\AppData\Local\Temp\xcAs4p8.o \
  dist/default/production\Projeto_Final.X.production.o 

Object code version is 3.11

Machine type is 18F4520



                Name                               Link     Load   Length Selector   Space Scale
C:\Users\MARIAB~1\AppData\Local\Temp\xcAs4p8.o
                idloc                            200000   200000        8        0       5
                config                           300000   300000        E        0       4
                init                                  0        0        4        0       0
dist/default/production\Projeto_Final.X.production.o
                idloc                            200000   200000        8        0       5
                config                           300000   300000        E        0       4
                smallconst                          600      600       58      300       0
                text36                              CA4      CA4      4C0      32C       0
                text35                             1B18     1B18      104      32C       0
                text34                             13B2     13B2      24E      32C       0
                text33                             21A6     21A6       48      32C       0
                text32                             1F98     1F98       62      32C       0
                text31                             176C     176C      16A      32C       0
                text30                             1164     1164      24E      32C       0
                text29                             2332     2332       2A      32C       0
                text28                             2308     2308       2A      32C       0
                text27                             2158     2158       4E      32C       0
                text26                             18D6     18D6      136      32C       0
                text25                             2230     2230       3E      32C       0
                text24                             22A6     22A6       32      32C       0
                text23                             243A     243A        A      32C       0
                text22                             22D8     22D8       30      32C       0
                text21                             2444     2444        2      32C       0
                text20                             21EE     21EE       42      32C       0
                text19                             1FFA     1FFA       5A      32C       0
                text18                             23EC     23EC       1E      32C       0
                text17                             23A8     23A8       26      32C       0
                text16                             1CE0     1CE0       B4      32C       0
                text15                             1C1C     1C1C       C4      32C       0
                text14                             1D94     1D94       B0      32C       0
                text13                             23CE     23CE       1E      32C       0
                text12                             1EB8     1EB8       74      32C       0
                text11                             226E     226E       38      32C       0
                text10                             2102     2102       56      32C       0
                text9                              1A0C     1A0C      10C      32C       0
                text8                              2382     2382       26      32C       0
                text7                              240A     240A       1A      32C       0
                text6                              1E44     1E44       74      32C       0
                text5                              235C     235C       26      32C       0
                text4                              1F2C     1F2C       6C      32C       0
                text3                              2054     2054       58      32C       0
                text2                              20AC     20AC       56      32C       0
                text1                              1600     1600      16C      32C       0
                text0                               658      658      64C      32C       0
                cstackCOMRAM                          1        1       2A        1       1
                bssCOMRAM                            2B       2B        C        1       1
                cinit                              2424     2424       16      32C       0

TOTAL           Name                               Link     Load   Length     Space
        CLASS   STACK          

        CLASS   CODE           
                init                                  0        0        4         0
                text36                              CA4      CA4      4C0         0
                text35                             1B18     1B18      104         0
                text34                             13B2     13B2      24E         0
                text33                             21A6     21A6       48         0
                text32                             1F98     1F98       62         0
                text31                             176C     176C      16A         0
                text30                             1164     1164      24E         0
                text29                             2332     2332       2A         0
                text28                             2308     2308       2A         0
                text27                             2158     2158       4E         0
                text26                             18D6     18D6      136         0
                text25                             2230     2230       3E         0
                text24                             22A6     22A6       32         0
                text23                             243A     243A        A         0
                text22                             22D8     22D8       30         0
                text21                             2444     2444        2         0
                text20                             21EE     21EE       42         0
                text19                             1FFA     1FFA       5A         0
                text18                             23EC     23EC       1E         0
                text17                             23A8     23A8       26         0
                text16                             1CE0     1CE0       B4         0
                text15                             1C1C     1C1C       C4         0
                text14                             1D94     1D94       B0         0
                text13                             23CE     23CE       1E         0
                text12                             1EB8     1EB8       74         0
                text11                             226E     226E       38         0
                text10                             2102     2102       56         0
                text9                              1A0C     1A0C      10C         0
                text8                              2382     2382       26         0
                text7                              240A     240A       1A         0
                text6                              1E44     1E44       74         0
                text5                              235C     235C       26         0
                text4                              1F2C     1F2C       6C         0
                text3                              2054     2054       58         0
                text2                              20AC     20AC       56         0
                text1                              1600     1600      16C         0
                text0                               658      658      64C         0
                cinit                              2424     2424       16         0

        CLASS   CONST          

        CLASS   SMALLCONST     
                smallconst                          600      600       58         0

        CLASS   MEDIUMCONST    

        CLASS   COMRAM         
                cstackCOMRAM                          1        1       2A         1
                bssCOMRAM                            2B       2B        C         1

        CLASS   ABS1           

        CLASS   BIGRAM         

        CLASS   RAM            

        CLASS   BANK0          

        CLASS   BANK1          

        CLASS   BANK2          

        CLASS   BANK3          

        CLASS   BANK4          

        CLASS   BANK5          

        CLASS   SFR            

        CLASS   CONFIG         
                config                           300000   300000        E         4

        CLASS   IDLOC          
                idloc                            200000   200000        8         5

        CLASS   EEDATA         

        CLASS   FARRAM         



SEGMENTS        Name                           Load    Length   Top    Selector   Space  Class

                reset_vec                      000000  000004  000004         0       0  CODE    
                cstackCOMRAM                   000001  000036  000037         1       1  COMRAM  
                smallconst                     000600  000058  000658       300       0  SMALLCON
                text0                          000658  001DEE  002446       32C       0  CODE    


UNUSED ADDRESS RANGES

        Name                Unused          Largest block    Delta
        BANK0            000080-0000FF               80
        BANK1            000100-0001FF              100
        BANK2            000200-0002FF              100
        BANK3            000300-0003FF              100
        BANK4            000400-0004FF              100
        BANK5            000500-0005FF              100
        BIGRAM           000037-0005FF              5C9
        CODE             000004-0005FF              5FC
                         002446-007FFF             5BBA
        COMRAM           000037-00007F               49
        CONST            000004-0005FF              5FC
                         002446-007FFF             5BBA
        EEDATA           F00000-F000FF              100
        MEDIUMCONST      002446-007FFF             5BBA
        RAM              000080-0005FF              100
        SFR              000F80-000FFF               80
        SMALLCONST       002446-007FFF              100
        STACK            000080-0005FF              580

                                  Symbol Table

?___aldiv                cstackCOMRAM 000001
?___awdiv                cstackCOMRAM 000001
?___awmod                cstackCOMRAM 000009
?___fladd                cstackCOMRAM 000001
?___lwdiv                cstackCOMRAM 000001
?___wmul                 cstackCOMRAM 000001
?_digitalRead            cstackCOMRAM 000001
?_kpRead                 cstackCOMRAM 000001
_ADCON0                  (abs)        000FC2
_ADCON1                  (abs)        000FC1
_ADCON2                  (abs)        000FC0
_ADRESH                  (abs)        000FC4
_ADRESL                  (abs)        000FC3
_CCP2CON                 (abs)        000FBA
_CCPR2L                  (abs)        000FBB
_PORTA                   (abs)        000F80
_PORTB                   (abs)        000F81
_PORTC                   (abs)        000F82
_PORTD                   (abs)        000F83
_PORTE                   (abs)        000F84
_PR2                     (abs)        000FCB
_PulseClockData          text29       002332
_PulseEnClock            text28       002308
_T2CON                   (abs)        000FCA
_TRISA                   (abs)        000F92
_TRISB                   (abs)        000F93
_TRISC                   (abs)        000F94
_TRISD                   (abs)        000F95
_TRISE                   (abs)        000F96
__HRAM                   (abs)        000000
__Habs1                  abs1         000000
__Hbank0                 bank0        000000
__Hbank1                 bank1        000000
__Hbank2                 bank2        000000
__Hbank3                 bank3        000000
__Hbank4                 bank4        000000
__Hbank5                 bank5        000000
__Hbigbss                bigbss       000000
__Hbigdata               bigdata      000000
__Hbigram                bigram       000000
__Hbss                   bss          000000
__HbssCOMRAM             bssCOMRAM    000000
__Hcinit                 cinit        000000
__Hclrtext               clrtext      000000
__Hcomram                comram       000000
__Hconfig                config       30000E
__Hconst                 const        000000
__HcstackCOMRAM          cstackCOMRAM 000000
__Hdata                  data         000000
__Heeprom_data           eeprom_data  000000
__Hfarbss                farbss       000000
__Hfardata               fardata      000000
__Hibigdata              ibigdata     000000
__Hidata                 idata        000000
__Hidloc                 idloc        200008
__Hifardata              ifardata     000000
__Hinit                  init         000004
__Hintcode               intcode      000000
__Hintcode_body          intcode_body 000000
__Hintcodelo             intcodelo    000000
__Hintentry              intentry     000000
__Hintret                intret       000000
__Hintsave_regs          intsave_regs 000000
__Hirdata                irdata       000000
__Hmediumconst           mediumconst  000000
__HnvFARRAM              nvFARRAM     000000
__Hnvbit                 nvbit        000000
__Hnvrram                nvrram       000000
__Hparam                 rparam       000000
__Hpowerup               powerup      000000
__Hram                   ram          000000
__Hramtop                ramtop       000600
__Hrbit                  rbit         000000
__Hrbss                  rbss         000000
__Hrdata                 rdata        000000
__Hreset_vec             reset_vec    000000
__Hrparam                rparam       000000
__Hsfr                   sfr          000000
__Hsmallconst            smallconst   000658
__Hspace_0               (abs)        002446
__Hspace_1               (abs)        000037
__Hspace_2               (abs)        000000
__Hspace_4               (abs)        60000E
__Hstack                 stack        000000
__Hstruct                struct       000000
__Htemp                  temp         000000
__Htext                  text         000000
__Htext0                 text0        000000
__Htext1                 text1        000000
__Htext10                text10       000000
__Htext11                text11       000000
__Htext12                text12       000000
__Htext13                text13       000000
__Htext14                text14       000000
__Htext15                text15       000000
__Htext16                text16       000000
__Htext17                text17       000000
__Htext18                text18       000000
__Htext19                text19       000000
__Htext2                 text2        000000
__Htext20                text20       000000
__Htext21                text21       000000
__Htext22                text22       000000
__Htext23                text23       000000
__Htext24                text24       000000
__Htext25                text25       000000
__Htext26                text26       000000
__Htext27                text27       000000
__Htext28                text28       000000
__Htext29                text29       000000
__Htext3                 text3        000000
__Htext30                text30       000000
__Htext31                text31       000000
__Htext32                text32       000000
__Htext33                text33       000000
__Htext34                text34       000000
__Htext35                text35       000000
__Htext36                text36       000000
__Htext4                 text4        000000
__Htext5                 text5        000000
__Htext6                 text6        000000
__Htext7                 text7        000000
__Htext8                 text8        000000
__Htext9                 text9        000000
__LRAM                   (abs)        000001
__Labs1                  abs1         000000
__Lbank0                 bank0        000000
__Lbank1                 bank1        000000
__Lbank2                 bank2        000000
__Lbank3                 bank3        000000
__Lbank4                 bank4        000000
__Lbank5                 bank5        000000
__Lbigbss                bigbss       000000
__Lbigdata               bigdata      000000
__Lbigram                bigram       000000
__Lbss                   bss          000000
__LbssCOMRAM             bssCOMRAM    000000
__Lcinit                 cinit        000000
__Lclrtext               clrtext      000000
__Lcomram                comram       000000
__Lconfig                config       000000
__Lconst                 const        000000
__LcstackCOMRAM          cstackCOMRAM 000000
__Ldata                  data         000000
__Leeprom_data           eeprom_data  000000
__Lfarbss                farbss       000000
__Lfardata               fardata      000000
__Libigdata              ibigdata     000000
__Lidata                 idata        000000
__Lidloc                 idloc        000000
__Lifardata              ifardata     000000
__Linit                  init         000000
__Lintcode               intcode      000000
__Lintcode_body          intcode_body 000000
__Lintcodelo             intcodelo    000000
__Lintentry              intentry     000000
__Lintret                intret       000000
__Lintsave_regs          intsave_regs 000000
__Lirdata                irdata       000000
__Lmediumconst           mediumconst  000000
__LnvFARRAM              nvFARRAM     000000
__Lnvbit                 nvbit        000000
__Lnvrram                nvrram       000000
__Lparam                 rparam       000000
__Lpowerup               powerup      000000
__Lram                   ram          000000
__Lramtop                ramtop       000600
__Lrbit                  rbit         000000
__Lrbss                  rbss         000000
__Lrdata                 rdata        000000
__Lreset_vec             reset_vec    000000
__Lrparam                rparam       000000
__Lsfr                   sfr          000000
__Lsmallconst            smallconst   000600
__Lspace_0               (abs)        000000
__Lspace_1               (abs)        000000
__Lspace_2               (abs)        000000
__Lspace_4               (abs)        000000
__Lstack                 stack        000000
__Lstruct                struct       000000
__Ltemp                  temp         000000
__Ltext                  text         000000
__Ltext0                 text0        000000
__Ltext1                 text1        000000
__Ltext10                text10       000000
__Ltext11                text11       000000
__Ltext12                text12       000000
__Ltext13                text13       000000
__Ltext14                text14       000000
__Ltext15                text15       000000
__Ltext16                text16       000000
__Ltext17                text17       000000
__Ltext18                text18       000000
__Ltext19                text19       000000
__Ltext2                 text2        000000
__Ltext20                text20       000000
__Ltext21                text21       000000
__Ltext22                text22       000000
__Ltext23                text23       000000
__Ltext24                text24       000000
__Ltext25                text25       000000
__Ltext26                text26       000000
__Ltext27                text27       000000
__Ltext28                text28       000000
__Ltext29                text29       000000
__Ltext3                 text3        000000
__Ltext30                text30       000000
__Ltext31                text31       000000
__Ltext32                text32       000000
__Ltext33                text33       000000
__Ltext34                text34       000000
__Ltext35                text35       000000
__Ltext36                text36       000000
__Ltext4                 text4        000000
__Ltext5                 text5        000000
__Ltext6                 text6        000000
__Ltext7                 text7        000000
__Ltext8                 text8        000000
__Ltext9                 text9        000000
__S0                     (abs)        002446
__S1                     (abs)        000037
__S2                     (abs)        000000
__S4                     (abs)        000000
__S5                     (abs)        000000
___aldiv                 text9        001A0C
___aldiv@counter         cstackCOMRAM 000009
___aldiv@dividend        cstackCOMRAM 000001
___aldiv@divisor         cstackCOMRAM 000005
___aldiv@quotient        cstackCOMRAM 00000B
___aldiv@sign            cstackCOMRAM 00000A
___awdiv                 text15       001C1C
___awdiv@counter         cstackCOMRAM 000005
___awdiv@dividend        cstackCOMRAM 000001
___awdiv@divisor         cstackCOMRAM 000003
___awdiv@quotient        cstackCOMRAM 000007
___awdiv@sign            cstackCOMRAM 000006
___awmod                 text14       001D94
___awmod@counter         cstackCOMRAM 00000D
___awmod@dividend        cstackCOMRAM 000009
___awmod@divisor         cstackCOMRAM 00000B
___awmod@sign            cstackCOMRAM 00000E
___fladd                 text36       000CA4
___fladd@a               cstackCOMRAM 000005
___fladd@aexp            cstackCOMRAM 00000E
___fladd@b               cstackCOMRAM 000001
___fladd@bexp            cstackCOMRAM 00000F
___fladd@grs             cstackCOMRAM 000010
___fladd@signs           cstackCOMRAM 00000D
___flge                  text35       001B18
___flge@ff1              cstackCOMRAM 000001
___flge@ff2              cstackCOMRAM 000005
___inthi_sp              stack        000000
___intlo_sp              stack        000000
___lwdiv                 text6        001E44
___lwdiv@counter         cstackCOMRAM 000007
___lwdiv@dividend        cstackCOMRAM 000001
___lwdiv@divisor         cstackCOMRAM 000003
___lwdiv@quotient        cstackCOMRAM 000005
___param_bank            (abs)        000000
___rparam_used           (abs)        000001
___sp                    stack        000000
___wmul                  text5        00235C
___wmul@multiplicand     cstackCOMRAM 000003
___wmul@multiplier       cstackCOMRAM 000001
___wmul@product          cstackCOMRAM 000005
__accesstop              (abs)        000080
__activetblptr           (abs)        000002
__end_of_PulseClockData  text29       00235C
__end_of_PulseEnClock    text28       002332
__end_of___aldiv         text9        001B18
__end_of___awdiv         text15       001CE0
__end_of___awmod         text14       001E44
__end_of___fladd         text36       001164
__end_of___flge          text35       001C1C
__end_of___lwdiv         text6        001EB8
__end_of___wmul          text5        002382
__end_of__initialization cinit        002430
__end_of_adcInit         text33       0021EE
__end_of_charKey         smallconst   00061B
__end_of_delay           text32       001FFA
__end_of_delayMicro      text21       002446
__end_of_delayMili       text22       002308
__end_of_digitalRead     text31       0018D6
__end_of_digitalWrite    text30       0013B2
__end_of_kpDebounce      text26       001A0C
__end_of_kpInit          text24       0022D8
__end_of_kpRead          text23       002444
__end_of_lcdChar         text13       0023EC
__end_of_lcdCommand      text18       00240A
__end_of_lcdInit         text16       001D94
__end_of_lcdNumber       text12       001F2C
__end_of_lcdPosition     text11       0022A6
__end_of_lcdString       text10       002158
__end_of_main            text0        000CA4
__end_of_pinMode         text34       001600
__end_of_pulseEnablePin  text20       002230
__end_of_pushByte        text19       002054
__end_of_pushNibble      text17       0023CE
__end_of_pwmFrequency    text8        0023A8
__end_of_pwmInit         text7        002424
__end_of_pwmSet          text4        001F98
__end_of_soInit          text25       00226E
__end_of_soWrite         text27       0021A6
__end_of_ssdDigit        text3        0020AC
__end_of_ssdInit         text2        002102
__end_of_ssdUpdate       text1        00176C
__end_of_valor           smallconst   000611
__initialization         cinit        002424
__mediumconst            mediumconst  000000
__pbssCOMRAM             bssCOMRAM    00002B
__pcinit                 cinit        002424
__pcstackCOMRAM          cstackCOMRAM 000001
__psmallconst            smallconst   000600
__ptext0                 text0        000658
__ptext1                 text1        001600
__ptext10                text10       002102
__ptext11                text11       00226E
__ptext12                text12       001EB8
__ptext13                text13       0023CE
__ptext14                text14       001D94
__ptext15                text15       001C1C
__ptext16                text16       001CE0
__ptext17                text17       0023A8
__ptext18                text18       0023EC
__ptext19                text19       001FFA
__ptext2                 text2        0020AC
__ptext20                text20       0021EE
__ptext21                text21       002444
__ptext22                text22       0022D8
__ptext23                text23       00243A
__ptext24                text24       0022A6
__ptext25                text25       002230
__ptext26                text26       0018D6
__ptext27                text27       002158
__ptext28                text28       002308
__ptext29                text29       002332
__ptext3                 text3        002054
__ptext30                text30       001164
__ptext31                text31       00176C
__ptext32                text32       001F98
__ptext33                text33       0021A6
__ptext34                text34       0013B2
__ptext35                text35       001B18
__ptext36                text36       000CA4
__ptext4                 text4        001F2C
__ptext5                 text5        00235C
__ptext6                 text6        001E44
__ptext7                 text7        00240A
__ptext8                 text8        002382
__ptext9                 text9        001A0C
__ramtop                 ramtop       000600
__size_of_PulseClockData (abs)        000000
__size_of_PulseEnClock   (abs)        000000
__size_of___aldiv        (abs)        000000
__size_of___awdiv        (abs)        000000
__size_of___awmod        (abs)        000000
__size_of___fladd        (abs)        000000
__size_of___flge         (abs)        000000
__size_of___lwdiv        (abs)        000000
__size_of___wmul         (abs)        000000
__size_of_adcInit        (abs)        000000
__size_of_delay          (abs)        000000
__size_of_delayMicro     (abs)        000000
__size_of_delayMili      (abs)        000000
__size_of_digitalRead    (abs)        000000
__size_of_digitalWrite   (abs)        000000
__size_of_kpDebounce     (abs)        000000
__size_of_kpInit         (abs)        000000
__size_of_kpRead         (abs)        000000
__size_of_lcdChar        (abs)        000000
__size_of_lcdCommand     (abs)        000000
__size_of_lcdInit        (abs)        000000
__size_of_lcdNumber      (abs)        000000
__size_of_lcdPosition    (abs)        000000
__size_of_lcdString      (abs)        000000
__size_of_main           (abs)        000000
__size_of_pinMode        (abs)        000000
__size_of_pulseEnablePin (abs)        000000
__size_of_pushByte       (abs)        000000
__size_of_pushNibble     (abs)        000000
__size_of_pwmFrequency   (abs)        000000
__size_of_pwmInit        (abs)        000000
__size_of_pwmSet         (abs)        000000
__size_of_soInit         (abs)        000000
__size_of_soWrite        (abs)        000000
__size_of_ssdDigit       (abs)        000000
__size_of_ssdInit        (abs)        000000
__size_of_ssdUpdate      (abs)        000000
__smallconst             smallconst   000600
_adcInit                 text33       0021A6
_delay                   text32       001F98
_delayMicro              text21       002444
_delayMili               text22       0022D8
_digitalRead             text31       00176C
_digitalWrite            text30       001164
_display                 bssCOMRAM    000035
_keys                    bssCOMRAM    00002F
_kpDebounce              text26       0018D6
_kpInit                  text24       0022A6
_kpRead                  text23       00243A
_lcdChar                 text13       0023CE
_lcdCommand              text18       0023EC
_lcdInit                 text16       001CE0
_lcdNumber               text12       001EB8
_lcdPosition             text11       00226E
_lcdString               text10       002102
_main                    text0        000658
_pinMode                 text34       0013B2
_pulseEnablePin          text20       0021EE
_pushByte                text19       001FFA
_pushNibble              text17       0023A8
_pwmFrequency            text8        002382
_pwmInit                 text7        00240A
_pwmSet                  text4        001F2C
_soInit                  text25       002230
_soWrite                 text27       002158
_ssdDigit                text3        002054
_ssdInit                 text2        0020AC
_ssdUpdate               text1        001600
_v0                      bssCOMRAM    000034
_v1                      bssCOMRAM    000033
_v2                      bssCOMRAM    000032
_v3                      bssCOMRAM    000031
_valor                   smallconst   000601
delay@j                  cstackCOMRAM 000003
delay@k                  cstackCOMRAM 000004
delay@x                  cstackCOMRAM 000001
delayMicro@a             cstackCOMRAM 000001
delayMili@a              cstackCOMRAM 000001
delayMili@i              cstackCOMRAM 000004
digitalRead@pin          cstackCOMRAM 000001
digitalWrite@pin         cstackCOMRAM 000001
digitalWrite@value       cstackCOMRAM 000003
end_of_initialization    cinit        002430
intlevel0                text         000000
intlevel1                text         000000
intlevel2                text         000000
intlevel3                text         000000
isa$std                  (abs)        000001
isa$xinst                (abs)        000000
kpDebounce@i             cstackCOMRAM 00000D
kpDebounce@newRead       bssCOMRAM    00002D
kpDebounce@oldRead       bssCOMRAM    00002B
kpDebounce@tempo         bssCOMRAM    000036
lcdChar@value            cstackCOMRAM 00000E
lcdCommand@value         cstackCOMRAM 00000E
lcdNumber@i              cstackCOMRAM 000011
lcdNumber@value          cstackCOMRAM 00000F
lcdPosition@col          cstackCOMRAM 00000F
lcdPosition@line         cstackCOMRAM 000010
lcdString@i              cstackCOMRAM 000013
lcdString@msg            cstackCOMRAM 00000F
main@enter               cstackCOMRAM 000028
main@meta                cstackCOMRAM 000019
main@moed                cstackCOMRAM 000026
main@muda                cstackCOMRAM 000017
main@old                 cstackCOMRAM 000025
main@s1                  cstackCOMRAM 00001F
main@s2                  cstackCOMRAM 000020
main@s3                  cstackCOMRAM 000021
main@t1                  cstackCOMRAM 000022
main@t2                  cstackCOMRAM 000023
main@t3                  cstackCOMRAM 000024
main@tecla               cstackCOMRAM 00002A
main@tempo               cstackCOMRAM 00001B
pinMode@pin              cstackCOMRAM 000001
pinMode@type             cstackCOMRAM 000003
pushByte@rs              cstackCOMRAM 00000A
pushByte@value           cstackCOMRAM 00000D
pushNibble@rs            cstackCOMRAM 00000A
pushNibble@value         cstackCOMRAM 00000C
pwmFrequency@freq        cstackCOMRAM 00000F
pwmSet@porcento          cstackCOMRAM 00000A
pwmSet@val               cstackCOMRAM 00000B
soWrite@i                cstackCOMRAM 000009
soWrite@value            cstackCOMRAM 000007
ssdDigit@pos             cstackCOMRAM 00000F
ssdDigit@val             cstackCOMRAM 000010
stackhi                  (abs)        0005FF
stacklo                  (abs)        000080
start                    init         000000
start_initialization     cinit        002424


MODULE INFORMATION

Module		Function		Class		Link	Load	Size
ssd.c
		_ssdInit       		CODE           	20AC	0000	86
		_ssdDigit      		CODE           	2054	0000	88
		_ssdUpdate     		CODE           	1600	0000	364

ssd.c estimated size: 538

C:\Program Files\Microchip\xc8\v2.32\pic\sources\c99\common\awdiv.c
		___awdiv       		CODE           	1C1C	0000	196

C:\Program Files\Microchip\xc8\v2.32\pic\sources\c99\common\awdiv.c estimated size: 196

C:\Program Files\Microchip\xc8\v2.32\pic\sources\c99\common\sprcadd.c
		___fladd       		CODE           	0CA4	0000	1216

C:\Program Files\Microchip\xc8\v2.32\pic\sources\c99\common\sprcadd.c estimated size: 1216

delay.c
		_delay         		CODE           	1F98	0000	98

delay.c estimated size: 98

C:\Program Files\Microchip\xc8\v2.32\pic\sources\c99\common\aldiv.c
		___aldiv       		CODE           	1A0C	0000	268

C:\Program Files\Microchip\xc8\v2.32\pic\sources\c99\common\aldiv.c estimated size: 268

keypad.c
		_kpInit        		CODE           	22A6	0000	50
		_kpDebounce    		CODE           	18D6	0000	310
		_kpRead        		CODE           	243A	0000	10

keypad.c estimated size: 370

so.c
		_soInit        		CODE           	2230	0000	62
		_soWrite       		CODE           	2158	0000	78
		_PulseEnClock  		CODE           	2308	0000	42
		_PulseClockData		CODE           	2332	0000	42

so.c estimated size: 224

io.c
		_digitalRead   		CODE           	176C	0000	362
		_digitalWrite  		CODE           	1164	0000	590
		_pinMode       		CODE           	13B2	0000	590

io.c estimated size: 1542

pwm.c
		_pwmInit       		CODE           	240A	0000	26
		_pwmFrequency  		CODE           	2382	0000	38
		_pwmSet        		CODE           	1F2C	0000	108

pwm.c estimated size: 172

C:\Program Files\Microchip\xc8\v2.32\pic\sources\c99\common\Umul16.c
		___wmul        		CODE           	235C	0000	38

C:\Program Files\Microchip\xc8\v2.32\pic\sources\c99\common\Umul16.c estimated size: 38

adc.c
		_adcInit       		CODE           	21A6	0000	72

adc.c estimated size: 72

shared
		_valor         		SMALLCONST     	0601	0000	16
		_charKey       		SMALLCONST     	0000	0000	0
		__initialization		CODE           	2424	0000	12

shared estimated size: 28

C:\Program Files\Microchip\xc8\v2.32\pic\sources\c99\common\awmod.c
		___awmod       		CODE           	1D94	0000	176

C:\Program Files\Microchip\xc8\v2.32\pic\sources\c99\common\awmod.c estimated size: 176

C:\Program Files\Microchip\xc8\v2.32\pic\sources\c99\common\lwdiv.c
		___lwdiv       		CODE           	1E44	0000	116

C:\Program Files\Microchip\xc8\v2.32\pic\sources\c99\common\lwdiv.c estimated size: 116

lcd.c
		_lcdCommand    		CODE           	23EC	0000	30
		_lcdChar       		CODE           	23CE	0000	30
		_lcdString     		CODE           	2102	0000	86
		_pulseEnablePin		CODE           	21EE	0000	66
		_lcdNumber     		CODE           	1EB8	0000	116
		_pushByte      		CODE           	1FFA	0000	90
		_lcdPosition   		CODE           	226E	0000	56
		_pushNibble    		CODE           	23A8	0000	38
		_lcdInit       		CODE           	1CE0	0000	180
		_delayMili     		CODE           	22D8	0000	48
		_delayMicro    		CODE           	2444	0000	2

lcd.c estimated size: 742

main.c
		_main          		CODE           	0658	0000	1612

main.c estimated size: 1612

C:\Program Files\Microchip\xc8\v2.32\pic\sources\c99\common\flge.c
		___flge        		CODE           	1B18	0000	260

C:\Program Files\Microchip\xc8\v2.32\pic\sources\c99\common\flge.c estimated size: 260

